Initialized native services in: C:\Users\28767\.gradle\native
Initialized jansi services in: C:\Users\28767\.gradle\native
The client will now receive all logging from the daemon (pid: 21224). The daemon log file: C:\Users\28767\.gradle\daemon\9.1.0\daemon-21224.out.log
Starting 4th build in daemon [uptime: 8 mins 4.597 secs, performance: 100%, GC rate: 0.00/s, heap usage: 0% of 2 GiB]
Using 16 worker leases.
Now considering [C:\Users\28767\WorkBuddy\local-agent] as hierarchies to watch
Watching the file system is configured to be enabled if available
File system watching is active
Starting Build
Resolved plugin [id: 'org.gradle.toolchains.foojay-resolver-convention', version: '1.0.0']
Settings evaluated using settings file 'C:\Users\28767\WorkBuddy\local-agent\settings.gradle.kts'.
Projects loaded. Root project using build file 'C:\Users\28767\WorkBuddy\local-agent\build.gradle.kts'.
Included projects: [root project 'LocalAgent', project ':app']

> Configure project :
Evaluating root project 'LocalAgent' using build file 'C:\Users\28767\WorkBuddy\local-agent\build.gradle.kts'.
Resolved plugin [id: 'com.android.application', version: '9.0.1', apply: false]
Resolved plugin [id: 'org.jetbrains.kotlin.plugin.compose', version: '2.3.20', apply: false]
Resolved plugin [id: 'org.jetbrains.kotlin.plugin.serialization', version: '2.3.20', apply: false]
Resolved plugin [id: 'com.google.devtools.ksp', version: '2.3.7', apply: false]

> Configure project :app
Evaluating project ':app' using build file 'C:\Users\28767\WorkBuddy\local-agent\app\build.gradle.kts'.
Resolved plugin [id: 'com.android.application', version: '9.0.1']
Resolved plugin [id: 'org.jetbrains.kotlin.plugin.compose', version: '2.3.20']
Resolved plugin [id: 'org.jetbrains.kotlin.plugin.serialization', version: '2.3.20']
Resolved plugin [id: 'com.google.devtools.ksp', version: '2.3.7']
Build f3b87f40-f1fc-4496-93cc-dd4c05aed045 is started
Using default execution profile
Detected Android Gradle Plugin compose compiler configuration
Detected Android Gradle Plugin compose compiler configuration
Detected Android Gradle Plugin compose compiler configuration
Detected Android Gradle Plugin compose compiler configuration
Detected Android Gradle Plugin compose compiler configuration
Detected Android Gradle Plugin compose compiler configuration
Detected Android Gradle Plugin compose compiler configuration
Detected Android Gradle Plugin compose compiler configuration
All projects evaluated.
Build f3b87f40-f1fc-4496-93cc-dd4c05aed045 is closed

[Incubating] Problems report is available at: file:///C:/Users/28767/WorkBuddy/local-agent/build/reports/problems/problems-report.html
Watched directory hierarchies: [C:\Users\28767\WorkBuddy\local-agent]
